[backblue.gif]
[fade.gif]
[index.html]
[external.html]
[web/jpg/header.jpg]
[web/gif/site_icon.gif]
[web/gif/folder_icon.gif]
[web/gif/folder_icon-2.gif]
[web/jar/de.incunabulum.owl2java.core_1.0.0.jar]
[web/jar/de.incunabulum.owl2java.plugin_1.0.0.jar]
[web/jar/de.incunabulum.owl2java.core_1.0.2.jar]
[web/jar/de.incunabulum.owl2java.plugin_1.0.2.jar]
[web/gif/spinner.gif]
[web/owl2java.html]
[web/owl2java-a-owl2java-generator.html]
[web/js/jquery-cachekey9181.js]
[web/js/ie5fixes-cachekey6308.js]
[web/js/resourcebase2-dom-fp-cachekey7122.js]
[web/js/input-label-cachekey2970.js]
[web/css/base.css]
[web/css/public.css]
[web/css/columns.css]
[web/gif/discussionitem_icon.gif]
[web/gif/treeexpanded.gif]
[web/gif/treecollapsed.gif]
[web/gif/required.gif]
[web/css/authoring.css]
[web/css/portlets.css]
[web/css/controlpanel.css]
[web/css/print.css]
[web/gif/info_icon.gif]
[web/css/deprecated.css]
[web/css/navtree.css]
[web/css/invisibles.css]
[web/gif/input_background.gif]
[web/gif/linkopaque.gif]
[web/gif/linktransparent.gif]
[web/gif/search_icon.gif]
[web/css/forms.css]
[web/gif/input_background-2.gif]
[web/css/plonekss.css]
[web/css/andreas02.css]
[web/jpg/header-2.jpg]
[web/png/bullet.png]
[web/gif/bylinebg.gif]
[web/gif/user.gif]
[web/css/mzredplanet3.css]
[web/css/main.css]
[web/css/plonecustom.css]
[web/classes-and-properties-in-owl2java.html]
[web/pdf/restrictions-and-accessormethods.pdf]
[web/restrictions.html]
[web/application-design.html]
[web/usage.html]
[web/current-limitations.html]
[web/owl2db4o-usage-requirements.html]
[web/owl2db4o-current-limitations.html]
[web/gif/folder_icon.gif]
[web/gif/required.gif]
[web/gif/linktransparent.gif]
