[backblue.gif]
[fade.gif]
[index.html]
[web/ico/favicon.ico]
[external.html]
[web/owl2java.html]
[web/owl2java-a-owl2java-generator.html]
[web/js/jquery-cachekey9181.js]
[web/js/ie5fixes-cachekey6308.js]
[web/js/resourcebase2-dom-fp-cachekey7122.js]
[web/js/input-label-cachekey2970.js]
[web/css/base.css]
[web/css/public.css]
[web/css/columns.css]
[web/css/authoring.css]
[web/css/portlets.css]
[web/css/controlpanel.css]
[web/css/print.css]
[web/css/deprecated.css]
[web/css/navtree.css]
[web/css/invisibles.css]
[web/css/forms.css]
[web/css/plonekss.css]
[web/main.html]
[web/main-2.html]
[web/css/andreas02.css]
[web/css/mzredplanet3.css]
[web/css/main.css]
[web/css/plonecustom.css]
[web/css/at-cachekey3308.css]
[web/other/rsshtml.html]
[web/gif/defaultuser.gif]
[web/pdf/prads2007_konsens_bro.pdf]
[web/pdf/konsens.pdf]
[web/pdf/paperimdc2009-ref4.pdf]
[web/jpg/dsc_7710.jpg]
[web/jpg/concept6-anordnung.jpg]
[web/jpg/dsc_4661.jpg]
[web/jpg/dsc_6217_th.jpg]
[web/jpg/dsc_6214_th.jpg]
[web/mz.html]
[web/other/rsshtml-2.html]
[web/jpg/dsc_7710-2.jpg]
[web/jpg/image_thumb.jpg]
[web/jpg/image_thumb-2.jpg]
[web/jpg/image_thumb-3.jpg]
[web/jpg/image_thumb-4.jpg]
[web/jpg/image_thumb-5.jpg]
[web/jpg/dsc_005_1309.jpg]
[web/jpg/image_thumb-6.jpg]
[web/jpg/dsc_005_1308.jpg]
[web/jpg/image_thumb-7.jpg]
[web/jpg/dsc_6193.jpg]
[web/jpg/image_thumb-8.jpg]
[web/jpg/dsc_6195.jpg]
[web/jpg/image_thumb-9.jpg]
[web/jpg/dsc_6200.jpg]
[web/jpg/image_thumb-10.jpg]
[web/jpg/dsc_6201.jpg]
[web/index.html]
[web/sitemap.html]
[web/search_form.html]
[web/kssattr(.html]
[web/it-projects.html]
[web/xsdimport.html]
[web/mailfilter.html]
[web/migration.html]
[web/blog.html]
[web/root.html]
[web/accessibility-info.html]
[web/poel.html]
[web/poelcontrol.html]
[web/login_form.html]
[web/contact.html]
[web/personal.html]
[web/projects.html]
[web/restricted.html]
[web/travel.html]
[web/work.html]
[web/es-ist-vollbracht.html]
[web/blog_view20fd.html]
[web/blog_view578b.html]
[web/poelcontrol-updates.html]
[web/blog_view520e.html]
[web/blog_view23cf.html]
[web/neuigkeiten-zur-polcontrol.html]
[web/view.html]
[web/view-2.html]
[web/view-3.html]
[web/view-4.html]
[web/view-5.html]
[web/handsteuerung-die-zweite-1.html]
[web/einbau-von-temperaturgebern.html]
[web/poleintrag-schlussfolgerungen-und-analysen.html]
